{"level":"error","message":"❌ MongoDB Connection Failed: querySrv ESERVFAIL _mongodb._tcp.sesa.eoifdtg.mongodb.net","service":"sesa-backend","timestamp":"2026-04-09 15:44:35"}
{"level":"error","message":"[Database] Mongoose connection error: querySrv ESERVFAIL _mongodb._tcp.sesa.eoifdtg.mongodb.net","service":"sesa-backend","timestamp":"2026-04-09 15:44:35"}
{"level":"error","message":"❌ MongoDB Connection Failed: Could not connect to any servers in your MongoDB Atlas cluster. One common reason is that you're trying to access the database from an IP that isn't whitelisted. Make sure your current IP address is on your Atlas cluster's IP whitelist: https://www.mongodb.com/docs/atlas/security-whitelist/","service":"sesa-backend","timestamp":"2026-04-09 15:44:51"}
{"level":"error","message":"[Database] Mongoose connection error: Server selection timed out after 10000 ms","service":"sesa-backend","timestamp":"2026-04-09 15:44:51"}
{"level":"error","message":"❌ MongoDB Connection Failed: Could not connect to any servers in your MongoDB Atlas cluster. One common reason is that you're trying to access the database from an IP that isn't whitelisted. Make sure your current IP address is on your Atlas cluster's IP whitelist: https://www.mongodb.com/docs/atlas/security-whitelist/","service":"sesa-backend","timestamp":"2026-04-09 15:45:06"}
{"level":"error","message":"[Database] Mongoose connection error: Server selection timed out after 10000 ms","service":"sesa-backend","timestamp":"2026-04-09 15:45:06"}
{"level":"error","message":"❌ MongoDB Connection Failed: Could not connect to any servers in your MongoDB Atlas cluster. One common reason is that you're trying to access the database from an IP that isn't whitelisted. Make sure your current IP address is on your Atlas cluster's IP whitelist: https://www.mongodb.com/docs/atlas/security-whitelist/","service":"sesa-backend","timestamp":"2026-04-09 15:45:21"}
{"level":"error","message":"[Database] Mongoose connection error: Server selection timed out after 10000 ms","service":"sesa-backend","timestamp":"2026-04-09 15:45:21"}
{"level":"error","message":"❌ MongoDB Connection Failed: Could not connect to any servers in your MongoDB Atlas cluster. One common reason is that you're trying to access the database from an IP that isn't whitelisted. Make sure your current IP address is on your Atlas cluster's IP whitelist: https://www.mongodb.com/docs/atlas/security-whitelist/","service":"sesa-backend","timestamp":"2026-04-09 15:45:36"}
{"level":"error","message":"[Database] Mongoose connection error: Server selection timed out after 10000 ms","service":"sesa-backend","timestamp":"2026-04-09 15:45:36"}
{"level":"error","message":"❌ MongoDB Connection Failed: Could not connect to any servers in your MongoDB Atlas cluster. One common reason is that you're trying to access the database from an IP that isn't whitelisted. Make sure your current IP address is on your Atlas cluster's IP whitelist: https://www.mongodb.com/docs/atlas/security-whitelist/","service":"sesa-backend","timestamp":"2026-04-09 15:45:53"}
{"level":"error","message":"CRITICAL: Max retries reached. Server will stay in offline mode.","service":"sesa-backend","timestamp":"2026-04-09 15:45:53"}
{"level":"error","message":"[Database] Mongoose connection error: Server selection timed out after 10000 ms","service":"sesa-backend","timestamp":"2026-04-09 15:45:53"}
{"level":"error","message":"❌ MongoDB Connection Failed: querySrv ESERVFAIL _mongodb._tcp.sesa.eoifdtg.mongodb.net","service":"sesa-backend","timestamp":"2026-04-09 15:55:17"}
{"level":"error","message":"[Database] Mongoose connection error: querySrv ESERVFAIL _mongodb._tcp.sesa.eoifdtg.mongodb.net","service":"sesa-backend","timestamp":"2026-04-09 15:55:17"}
{"level":"error","message":"❌ MongoDB Connection Failed: Could not connect to any servers in your MongoDB Atlas cluster. One common reason is that you're trying to access the database from an IP that isn't whitelisted. Make sure your current IP address is on your Atlas cluster's IP whitelist: https://www.mongodb.com/docs/atlas/security-whitelist/","service":"sesa-backend","timestamp":"2026-04-09 15:55:33"}
{"level":"error","message":"[Database] Mongoose connection error: Server selection timed out after 10000 ms","service":"sesa-backend","timestamp":"2026-04-09 15:55:33"}
{"level":"error","message":"❌ MongoDB Connection Failed: Could not connect to any servers in your MongoDB Atlas cluster. One common reason is that you're trying to access the database from an IP that isn't whitelisted. Make sure your current IP address is on your Atlas cluster's IP whitelist: https://www.mongodb.com/docs/atlas/security-whitelist/","service":"sesa-backend","timestamp":"2026-04-09 15:55:48"}
{"level":"error","message":"[Database] Mongoose connection error: Server selection timed out after 10000 ms","service":"sesa-backend","timestamp":"2026-04-09 15:55:48"}
{"level":"error","message":"❌ MongoDB Connection Failed: Could not connect to any servers in your MongoDB Atlas cluster. One common reason is that you're trying to access the database from an IP that isn't whitelisted. Make sure your current IP address is on your Atlas cluster's IP whitelist: https://www.mongodb.com/docs/atlas/security-whitelist/","service":"sesa-backend","timestamp":"2026-04-09 15:56:03"}
{"level":"error","message":"[Database] Mongoose connection error: Server selection timed out after 10000 ms","service":"sesa-backend","timestamp":"2026-04-09 15:56:03"}
{"level":"error","message":"❌ MongoDB Connection Failed: Could not connect to any servers in your MongoDB Atlas cluster. One common reason is that you're trying to access the database from an IP that isn't whitelisted. Make sure your current IP address is on your Atlas cluster's IP whitelist: https://www.mongodb.com/docs/atlas/security-whitelist/","service":"sesa-backend","timestamp":"2026-04-09 15:56:18"}
{"level":"error","message":"[Database] Mongoose connection error: Server selection timed out after 10000 ms","service":"sesa-backend","timestamp":"2026-04-09 15:56:18"}
{"level":"error","message":"❌ MongoDB Connection Failed: Could not connect to any servers in your MongoDB Atlas cluster. One common reason is that you're trying to access the database from an IP that isn't whitelisted. Make sure your current IP address is on your Atlas cluster's IP whitelist: https://www.mongodb.com/docs/atlas/security-whitelist/","service":"sesa-backend","timestamp":"2026-04-09 15:56:34"}
{"level":"error","message":"❌ MongoDB Connection Failed: Could not connect to any servers in your MongoDB Atlas cluster. One common reason is that you're trying to access the database from an IP that isn't whitelisted. Make sure your current IP address is on your Atlas cluster's IP whitelist: https://www.mongodb.com/docs/atlas/security-whitelist/","service":"sesa-backend","timestamp":"2026-04-09 16:42:08"}
{"level":"error","message":"[Database] Mongoose connection error: Server selection timed out after 10000 ms","service":"sesa-backend","timestamp":"2026-04-09 16:42:08"}
{"level":"error","message":"❌ MongoDB Connection Failed: Could not connect to any servers in your MongoDB Atlas cluster. One common reason is that you're trying to access the database from an IP that isn't whitelisted. Make sure your current IP address is on your Atlas cluster's IP whitelist: https://www.mongodb.com/docs/atlas/security-whitelist/","service":"sesa-backend","timestamp":"2026-04-09 16:42:23"}
{"level":"error","message":"[Database] Mongoose connection error: Server selection timed out after 10000 ms","service":"sesa-backend","timestamp":"2026-04-09 16:42:23"}
{"level":"error","message":"❌ MongoDB Connection Failed: Could not connect to any servers in your MongoDB Atlas cluster. One common reason is that you're trying to access the database from an IP that isn't whitelisted. Make sure your current IP address is on your Atlas cluster's IP whitelist: https://www.mongodb.com/docs/atlas/security-whitelist/","service":"sesa-backend","timestamp":"2026-04-09 16:42:38"}
{"level":"error","message":"[Database] Mongoose connection error: Server selection timed out after 10000 ms","service":"sesa-backend","timestamp":"2026-04-09 16:42:38"}
{"level":"error","message":"❌ MongoDB Connection Failed: Could not connect to any servers in your MongoDB Atlas cluster. One common reason is that you're trying to access the database from an IP that isn't whitelisted. Make sure your current IP address is on your Atlas cluster's IP whitelist: https://www.mongodb.com/docs/atlas/security-whitelist/","service":"sesa-backend","timestamp":"2026-04-09 16:42:53"}
{"level":"error","message":"[Database] Mongoose connection error: Server selection timed out after 10000 ms","service":"sesa-backend","timestamp":"2026-04-09 16:42:53"}
{"level":"error","message":"❌ MongoDB Connection Failed: Could not connect to any servers in your MongoDB Atlas cluster. One common reason is that you're trying to access the database from an IP that isn't whitelisted. Make sure your current IP address is on your Atlas cluster's IP whitelist: https://www.mongodb.com/docs/atlas/security-whitelist/","service":"sesa-backend","timestamp":"2026-04-09 16:43:08"}
{"level":"error","message":"[Database] Mongoose connection error: Server selection timed out after 10000 ms","service":"sesa-backend","timestamp":"2026-04-09 16:43:08"}
{"level":"error","message":"❌ MongoDB Connection Failed: Could not connect to any servers in your MongoDB Atlas cluster. One common reason is that you're trying to access the database from an IP that isn't whitelisted. Make sure your current IP address is on your Atlas cluster's IP whitelist: https://www.mongodb.com/docs/atlas/security-whitelist/","service":"sesa-backend","timestamp":"2026-04-09 16:43:23"}
{"level":"error","message":"❌ MongoDB Connection Failed: Could not connect to any servers in your MongoDB Atlas cluster. One common reason is that you're trying to access the database from an IP that isn't whitelisted. Make sure your current IP address is on your Atlas cluster's IP whitelist: https://www.mongodb.com/docs/atlas/security-whitelist/","service":"sesa-backend","timestamp":"2026-04-09 16:47:31"}
{"level":"error","message":"[Database] Mongoose connection error: Server selection timed out after 10000 ms","service":"sesa-backend","timestamp":"2026-04-09 16:47:31"}
{"level":"error","message":"❌ MongoDB Connection Failed: Could not connect to any servers in your MongoDB Atlas cluster. One common reason is that you're trying to access the database from an IP that isn't whitelisted. Make sure your current IP address is on your Atlas cluster's IP whitelist: https://www.mongodb.com/docs/atlas/security-whitelist/","service":"sesa-backend","timestamp":"2026-04-09 16:47:46"}
{"level":"error","message":"[Database] Mongoose connection error: Server selection timed out after 10000 ms","service":"sesa-backend","timestamp":"2026-04-09 16:47:46"}
{"level":"error","message":"❌ MongoDB Connection Failed: Could not connect to any servers in your MongoDB Atlas cluster. One common reason is that you're trying to access the database from an IP that isn't whitelisted. Make sure your current IP address is on your Atlas cluster's IP whitelist: https://www.mongodb.com/docs/atlas/security-whitelist/","service":"sesa-backend","timestamp":"2026-04-09 16:48:01"}
{"level":"error","message":"[Database] Mongoose connection error: Server selection timed out after 10000 ms","service":"sesa-backend","timestamp":"2026-04-09 16:48:01"}
{"level":"error","message":"❌ MongoDB Connection Failed: Could not connect to any servers in your MongoDB Atlas cluster. One common reason is that you're trying to access the database from an IP that isn't whitelisted. Make sure your current IP address is on your Atlas cluster's IP whitelist: https://www.mongodb.com/docs/atlas/security-whitelist/","service":"sesa-backend","timestamp":"2026-04-09 16:48:16"}
{"level":"error","message":"[Database] Mongoose connection error: Server selection timed out after 10000 ms","service":"sesa-backend","timestamp":"2026-04-09 16:48:16"}
{"level":"error","message":"❌ MongoDB Connection Failed: Could not connect to any servers in your MongoDB Atlas cluster. One common reason is that you're trying to access the database from an IP that isn't whitelisted. Make sure your current IP address is on your Atlas cluster's IP whitelist: https://www.mongodb.com/docs/atlas/security-whitelist/","service":"sesa-backend","timestamp":"2026-04-09 16:48:32"}
{"level":"error","message":"[Database] Mongoose connection error: Server selection timed out after 10000 ms","service":"sesa-backend","timestamp":"2026-04-09 16:48:32"}
{"level":"error","message":"❌ MongoDB Connection Failed: Could not connect to any servers in your MongoDB Atlas cluster. One common reason is that you're trying to access the database from an IP that isn't whitelisted. Make sure your current IP address is on your Atlas cluster's IP whitelist: https://www.mongodb.com/docs/atlas/security-whitelist/","service":"sesa-backend","timestamp":"2026-04-09 16:48:47"}
{"level":"error","message":"❌ MongoDB Connection Failed: Could not connect to any servers in your MongoDB Atlas cluster. One common reason is that you're trying to access the database from an IP that isn't whitelisted. Make sure your current IP address is on your Atlas cluster's IP whitelist: https://www.mongodb.com/docs/atlas/security-whitelist/","service":"sesa-backend","timestamp":"2026-04-09 16:50:38"}
{"level":"error","message":"[Database] Mongoose connection error: Server selection timed out after 10000 ms","service":"sesa-backend","timestamp":"2026-04-09 16:50:38"}
{"level":"error","message":"❌ MongoDB Connection Failed: Could not connect to any servers in your MongoDB Atlas cluster. One common reason is that you're trying to access the database from an IP that isn't whitelisted. Make sure your current IP address is on your Atlas cluster's IP whitelist: https://www.mongodb.com/docs/atlas/security-whitelist/","service":"sesa-backend","timestamp":"2026-04-09 16:50:53"}
{"level":"error","message":"[Database] Mongoose connection error: Server selection timed out after 10000 ms","service":"sesa-backend","timestamp":"2026-04-09 16:50:53"}
{"level":"error","message":"❌ MongoDB Connection Failed: Could not connect to any servers in your MongoDB Atlas cluster. One common reason is that you're trying to access the database from an IP that isn't whitelisted. Make sure your current IP address is on your Atlas cluster's IP whitelist: https://www.mongodb.com/docs/atlas/security-whitelist/","service":"sesa-backend","timestamp":"2026-04-09 16:51:08"}
{"level":"error","message":"[Database] Mongoose connection error: Server selection timed out after 10000 ms","service":"sesa-backend","timestamp":"2026-04-09 16:51:08"}
{"level":"error","message":"❌ MongoDB Connection Failed: Could not connect to any servers in your MongoDB Atlas cluster. One common reason is that you're trying to access the database from an IP that isn't whitelisted. Make sure your current IP address is on your Atlas cluster's IP whitelist: https://www.mongodb.com/docs/atlas/security-whitelist/","service":"sesa-backend","timestamp":"2026-04-09 16:51:23"}
{"level":"error","message":"[Database] Mongoose connection error: Server selection timed out after 10000 ms","service":"sesa-backend","timestamp":"2026-04-09 16:51:23"}
{"level":"error","message":"❌ MongoDB Connection Failed: Could not connect to any servers in your MongoDB Atlas cluster. One common reason is that you're trying to access the database from an IP that isn't whitelisted. Make sure your current IP address is on your Atlas cluster's IP whitelist: https://www.mongodb.com/docs/atlas/security-whitelist/","service":"sesa-backend","timestamp":"2026-04-09 16:51:39"}
{"level":"error","message":"[Database] Mongoose connection error: Server selection timed out after 10000 ms","service":"sesa-backend","timestamp":"2026-04-09 16:51:39"}
{"level":"error","message":"❌ MongoDB Connection Failed: Could not connect to any servers in your MongoDB Atlas cluster. One common reason is that you're trying to access the database from an IP that isn't whitelisted. Make sure your current IP address is on your Atlas cluster's IP whitelist: https://www.mongodb.com/docs/atlas/security-whitelist/","service":"sesa-backend","timestamp":"2026-04-09 16:51:54"}
{"level":"error","message":"❌ MongoDB Connection Failed: Could not connect to any servers in your MongoDB Atlas cluster. One common reason is that you're trying to access the database from an IP that isn't whitelisted. Make sure your current IP address is on your Atlas cluster's IP whitelist: https://www.mongodb.com/docs/atlas/security-whitelist/","service":"sesa-backend","timestamp":"2026-04-09 16:53:32"}
{"level":"error","message":"[Database] Mongoose connection error: Server selection timed out after 10000 ms","service":"sesa-backend","timestamp":"2026-04-09 16:53:32"}
{"level":"error","message":"❌ MongoDB Connection Failed: Could not connect to any servers in your MongoDB Atlas cluster. One common reason is that you're trying to access the database from an IP that isn't whitelisted. Make sure your current IP address is on your Atlas cluster's IP whitelist: https://www.mongodb.com/docs/atlas/security-whitelist/","service":"sesa-backend","timestamp":"2026-04-09 16:53:47"}
{"level":"error","message":"[Database] Mongoose connection error: Server selection timed out after 10000 ms","service":"sesa-backend","timestamp":"2026-04-09 16:53:47"}
{"level":"error","message":"❌ MongoDB Connection Failed: Could not connect to any servers in your MongoDB Atlas cluster. One common reason is that you're trying to access the database from an IP that isn't whitelisted. Make sure your current IP address is on your Atlas cluster's IP whitelist: https://www.mongodb.com/docs/atlas/security-whitelist/","service":"sesa-backend","timestamp":"2026-04-09 16:54:02"}
{"level":"error","message":"[Database] Mongoose connection error: Server selection timed out after 10000 ms","service":"sesa-backend","timestamp":"2026-04-09 16:54:02"}
{"level":"error","message":"❌ MongoDB Connection Failed: Could not connect to any servers in your MongoDB Atlas cluster. One common reason is that you're trying to access the database from an IP that isn't whitelisted. Make sure your current IP address is on your Atlas cluster's IP whitelist: https://www.mongodb.com/docs/atlas/security-whitelist/","service":"sesa-backend","timestamp":"2026-04-09 16:54:17"}
{"level":"error","message":"[Database] Mongoose connection error: Server selection timed out after 10000 ms","service":"sesa-backend","timestamp":"2026-04-09 16:54:17"}
{"level":"error","message":"❌ MongoDB Connection Failed: Could not connect to any servers in your MongoDB Atlas cluster. One common reason is that you're trying to access the database from an IP that isn't whitelisted. Make sure your current IP address is on your Atlas cluster's IP whitelist: https://www.mongodb.com/docs/atlas/security-whitelist/","service":"sesa-backend","timestamp":"2026-04-09 16:54:33"}
{"level":"error","message":"[Database] Mongoose connection error: Server selection timed out after 10000 ms","service":"sesa-backend","timestamp":"2026-04-09 16:54:33"}
{"level":"error","message":"❌ MongoDB Connection Failed: Could not connect to any servers in your MongoDB Atlas cluster. One common reason is that you're trying to access the database from an IP that isn't whitelisted. Make sure your current IP address is on your Atlas cluster's IP whitelist: https://www.mongodb.com/docs/atlas/security-whitelist/","service":"sesa-backend","timestamp":"2026-04-09 16:54:48"}
{"level":"error","message":"CRITICAL: Max retries reached. Server will stay in offline mode.","service":"sesa-backend","timestamp":"2026-04-09 16:54:48"}
{"level":"error","message":"[Database] Mongoose connection error: Server selection timed out after 10000 ms","service":"sesa-backend","timestamp":"2026-04-09 16:54:48"}
{"level":"error","message":"❌ MongoDB Connection Failed: Could not connect to any servers in your MongoDB Atlas cluster. One common reason is that you're trying to access the database from an IP that isn't whitelisted. Make sure your current IP address is on your Atlas cluster's IP whitelist: https://www.mongodb.com/docs/atlas/security-whitelist/","service":"sesa-backend","timestamp":"2026-04-09 16:56:51"}
{"level":"error","message":"[Database] Mongoose connection error: Server selection timed out after 10000 ms","service":"sesa-backend","timestamp":"2026-04-09 16:56:51"}
{"level":"error","message":"❌ MongoDB Connection Failed: Could not connect to any servers in your MongoDB Atlas cluster. One common reason is that you're trying to access the database from an IP that isn't whitelisted. Make sure your current IP address is on your Atlas cluster's IP whitelist: https://www.mongodb.com/docs/atlas/security-whitelist/","service":"sesa-backend","timestamp":"2026-04-09 16:57:06"}
{"level":"error","message":"[Database] Mongoose connection error: Server selection timed out after 10000 ms","service":"sesa-backend","timestamp":"2026-04-09 16:57:06"}
{"level":"error","message":"❌ MongoDB Connection Failed: Could not connect to any servers in your MongoDB Atlas cluster. One common reason is that you're trying to access the database from an IP that isn't whitelisted. Make sure your current IP address is on your Atlas cluster's IP whitelist: https://www.mongodb.com/docs/atlas/security-whitelist/","service":"sesa-backend","timestamp":"2026-04-09 16:57:21"}
{"level":"error","message":"[Database] Mongoose connection error: Server selection timed out after 10000 ms","service":"sesa-backend","timestamp":"2026-04-09 16:57:21"}
{"level":"error","message":"❌ MongoDB Connection Failed: Could not connect to any servers in your MongoDB Atlas cluster. One common reason is that you're trying to access the database from an IP that isn't whitelisted. Make sure your current IP address is on your Atlas cluster's IP whitelist: https://www.mongodb.com/docs/atlas/security-whitelist/","service":"sesa-backend","timestamp":"2026-04-09 17:07:07"}
{"level":"error","message":"[Database] Mongoose connection error: Server selection timed out after 10000 ms","service":"sesa-backend","timestamp":"2026-04-09 17:07:07"}
{"level":"error","message":"❌ MongoDB Connection Failed: Could not connect to any servers in your MongoDB Atlas cluster. One common reason is that you're trying to access the database from an IP that isn't whitelisted. Make sure your current IP address is on your Atlas cluster's IP whitelist: https://www.mongodb.com/docs/atlas/security-whitelist/","service":"sesa-backend","timestamp":"2026-04-09 17:15:04"}
{"level":"error","message":"[Database] Mongoose connection error: Server selection timed out after 10000 ms","service":"sesa-backend","timestamp":"2026-04-09 17:15:04"}
{"level":"error","message":"❌ MongoDB Connection Failed: Could not connect to any servers in your MongoDB Atlas cluster. One common reason is that you're trying to access the database from an IP that isn't whitelisted. Make sure your current IP address is on your Atlas cluster's IP whitelist: https://www.mongodb.com/docs/atlas/security-whitelist/","service":"sesa-backend","timestamp":"2026-04-09 17:15:19"}
{"level":"error","message":"[Database] Mongoose connection error: Server selection timed out after 10000 ms","service":"sesa-backend","timestamp":"2026-04-09 17:15:19"}
{"level":"error","message":"❌ MongoDB Connection Failed: Could not connect to any servers in your MongoDB Atlas cluster. One common reason is that you're trying to access the database from an IP that isn't whitelisted. Make sure your current IP address is on your Atlas cluster's IP whitelist: https://www.mongodb.com/docs/atlas/security-whitelist/","service":"sesa-backend","timestamp":"2026-04-09 17:15:34"}
{"level":"error","message":"[Database] Mongoose connection error: Server selection timed out after 10000 ms","service":"sesa-backend","timestamp":"2026-04-09 17:15:34"}
{"level":"error","message":"❌ MongoDB Connection Failed: Could not connect to any servers in your MongoDB Atlas cluster. One common reason is that you're trying to access the database from an IP that isn't whitelisted. Make sure your current IP address is on your Atlas cluster's IP whitelist: https://www.mongodb.com/docs/atlas/security-whitelist/","service":"sesa-backend","timestamp":"2026-04-09 17:15:49"}
{"level":"error","message":"[Database] Mongoose connection error: Server selection timed out after 10000 ms","service":"sesa-backend","timestamp":"2026-04-09 17:15:49"}
{"level":"error","message":"❌ MongoDB Connection Failed: Could not connect to any servers in your MongoDB Atlas cluster. One common reason is that you're trying to access the database from an IP that isn't whitelisted. Make sure your current IP address is on your Atlas cluster's IP whitelist: https://www.mongodb.com/docs/atlas/security-whitelist/","service":"sesa-backend","timestamp":"2026-04-09 17:16:04"}
{"level":"error","message":"[Database] Mongoose connection error: Server selection timed out after 10000 ms","service":"sesa-backend","timestamp":"2026-04-09 17:16:04"}
{"level":"error","message":"❌ MongoDB Connection Failed: Could not connect to any servers in your MongoDB Atlas cluster. One common reason is that you're trying to access the database from an IP that isn't whitelisted. Make sure your current IP address is on your Atlas cluster's IP whitelist: https://www.mongodb.com/docs/atlas/security-whitelist/","service":"sesa-backend","timestamp":"2026-04-09 17:16:19"}
{"level":"error","message":"CRITICAL: Max retries reached. Server will stay in offline mode.","service":"sesa-backend","timestamp":"2026-04-09 17:16:19"}
{"level":"error","message":"[Database] Mongoose connection error: Server selection timed out after 10000 ms","service":"sesa-backend","timestamp":"2026-04-09 17:16:19"}
{"level":"error","message":"❌ MongoDB Connection Failed: Could not connect to any servers in your MongoDB Atlas cluster. One common reason is that you're trying to access the database from an IP that isn't whitelisted. Make sure your current IP address is on your Atlas cluster's IP whitelist: https://www.mongodb.com/docs/atlas/security-whitelist/","service":"sesa-backend","timestamp":"2026-04-09 17:19:36"}
{"level":"error","message":"[Database] Mongoose connection error: Server selection timed out after 10000 ms","service":"sesa-backend","timestamp":"2026-04-09 17:19:36"}
{"level":"error","message":"❌ MongoDB Connection Failed: Could not connect to any servers in your MongoDB Atlas cluster. One common reason is that you're trying to access the database from an IP that isn't whitelisted. Make sure your current IP address is on your Atlas cluster's IP whitelist: https://www.mongodb.com/docs/atlas/security-whitelist/","service":"sesa-backend","timestamp":"2026-04-09 17:19:51"}
{"level":"error","message":"[Database] Mongoose connection error: Server selection timed out after 10000 ms","service":"sesa-backend","timestamp":"2026-04-09 17:19:51"}
{"level":"error","message":"❌ MongoDB Connection Failed: Could not connect to any servers in your MongoDB Atlas cluster. One common reason is that you're trying to access the database from an IP that isn't whitelisted. Make sure your current IP address is on your Atlas cluster's IP whitelist: https://www.mongodb.com/docs/atlas/security-whitelist/","service":"sesa-backend","timestamp":"2026-04-09 17:20:06"}
{"level":"error","message":"[Database] Mongoose connection error: Server selection timed out after 10000 ms","service":"sesa-backend","timestamp":"2026-04-09 17:20:06"}
{"level":"error","message":"❌ MongoDB Connection Failed: Could not connect to any servers in your MongoDB Atlas cluster. One common reason is that you're trying to access the database from an IP that isn't whitelisted. Make sure your current IP address is on your Atlas cluster's IP whitelist: https://www.mongodb.com/docs/atlas/security-whitelist/","service":"sesa-backend","timestamp":"2026-04-09 17:20:21"}
{"level":"error","message":"[Database] Mongoose connection error: Server selection timed out after 10000 ms","service":"sesa-backend","timestamp":"2026-04-09 17:20:21"}
{"level":"error","message":"❌ MongoDB Connection Failed: Could not connect to any servers in your MongoDB Atlas cluster. One common reason is that you're trying to access the database from an IP that isn't whitelisted. Make sure your current IP address is on your Atlas cluster's IP whitelist: https://www.mongodb.com/docs/atlas/security-whitelist/","service":"sesa-backend","timestamp":"2026-04-09 17:20:36"}
{"level":"error","message":"[Database] Mongoose connection error: Server selection timed out after 10000 ms","service":"sesa-backend","timestamp":"2026-04-09 17:20:36"}
{"level":"error","message":"❌ MongoDB Connection Failed: Could not connect to any servers in your MongoDB Atlas cluster. One common reason is that you're trying to access the database from an IP that isn't whitelisted. Make sure your current IP address is on your Atlas cluster's IP whitelist: https://www.mongodb.com/docs/atlas/security-whitelist/","service":"sesa-backend","timestamp":"2026-04-09 17:20:51"}
{"level":"error","message":"CRITICAL: Max retries reached. Server will stay in offline mode.","service":"sesa-backend","timestamp":"2026-04-09 17:20:51"}
{"level":"error","message":"[Database] Mongoose connection error: Server selection timed out after 10000 ms","service":"sesa-backend","timestamp":"2026-04-09 17:20:51"}
{"level":"error","message":"❌ MongoDB Connection Failed: Could not connect to any servers in your MongoDB Atlas cluster. One common reason is that you're trying to access the database from an IP that isn't whitelisted. Make sure your current IP address is on your Atlas cluster's IP whitelist: https://www.mongodb.com/docs/atlas/security-whitelist/","service":"sesa-backend","timestamp":"2026-04-09 17:23:28"}
{"level":"error","message":"[Database] Mongoose connection error: Server selection timed out after 10000 ms","service":"sesa-backend","timestamp":"2026-04-09 17:23:28"}
{"level":"error","message":"❌ MongoDB Connection Failed: Could not connect to any servers in your MongoDB Atlas cluster. One common reason is that you're trying to access the database from an IP that isn't whitelisted. Make sure your current IP address is on your Atlas cluster's IP whitelist: https://www.mongodb.com/docs/atlas/security-whitelist/","service":"sesa-backend","timestamp":"2026-04-09 17:23:43"}
{"level":"error","message":"[Database] Mongoose connection error: Server selection timed out after 10000 ms","service":"sesa-backend","timestamp":"2026-04-09 17:23:43"}
{"level":"error","message":"❌ MongoDB Connection Failed: Could not connect to any servers in your MongoDB Atlas cluster. One common reason is that you're trying to access the database from an IP that isn't whitelisted. Make sure your current IP address is on your Atlas cluster's IP whitelist: https://www.mongodb.com/docs/atlas/security-whitelist/","service":"sesa-backend","timestamp":"2026-04-09 17:23:58"}
{"level":"error","message":"[Database] Mongoose connection error: Server selection timed out after 10000 ms","service":"sesa-backend","timestamp":"2026-04-09 17:23:58"}
{"level":"error","message":"❌ MongoDB Connection Failed: Could not connect to any servers in your MongoDB Atlas cluster. One common reason is that you're trying to access the database from an IP that isn't whitelisted. Make sure your current IP address is on your Atlas cluster's IP whitelist: https://www.mongodb.com/docs/atlas/security-whitelist/","service":"sesa-backend","timestamp":"2026-04-09 17:24:13"}
{"level":"error","message":"[Database] Mongoose connection error: Server selection timed out after 10000 ms","service":"sesa-backend","timestamp":"2026-04-09 17:24:13"}
{"level":"error","message":"❌ MongoDB Connection Failed: Could not connect to any servers in your MongoDB Atlas cluster. One common reason is that you're trying to access the database from an IP that isn't whitelisted. Make sure your current IP address is on your Atlas cluster's IP whitelist: https://www.mongodb.com/docs/atlas/security-whitelist/","service":"sesa-backend","timestamp":"2026-04-09 17:24:28"}
{"level":"error","message":"[Database] Mongoose connection error: Server selection timed out after 10000 ms","service":"sesa-backend","timestamp":"2026-04-09 17:24:28"}
{"level":"error","message":"❌ MongoDB Connection Failed: Could not connect to any servers in your MongoDB Atlas cluster. One common reason is that you're trying to access the database from an IP that isn't whitelisted. Make sure your current IP address is on your Atlas cluster's IP whitelist: https://www.mongodb.com/docs/atlas/security-whitelist/","service":"sesa-backend","timestamp":"2026-04-09 17:24:43"}
{"level":"error","message":"CRITICAL: Max retries reached. Server will stay in offline mode.","service":"sesa-backend","timestamp":"2026-04-09 17:24:43"}
{"level":"error","message":"[Database] Mongoose connection error: Server selection timed out after 10000 ms","service":"sesa-backend","timestamp":"2026-04-09 17:24:43"}
{"level":"error","message":"❌ MongoDB Connection Failed: Could not connect to any servers in your MongoDB Atlas cluster. One common reason is that you're trying to access the database from an IP that isn't whitelisted. Make sure your current IP address is on your Atlas cluster's IP whitelist: https://www.mongodb.com/docs/atlas/security-whitelist/","service":"sesa-backend","timestamp":"2026-04-09 17:28:44"}
{"level":"error","message":"[Database] Mongoose connection error: Server selection timed out after 10000 ms","service":"sesa-backend","timestamp":"2026-04-09 17:28:44"}
{"level":"error","message":"❌ MongoDB Connection Failed: Could not connect to any servers in your MongoDB Atlas cluster. One common reason is that you're trying to access the database from an IP that isn't whitelisted. Make sure your current IP address is on your Atlas cluster's IP whitelist: https://www.mongodb.com/docs/atlas/security-whitelist/","service":"sesa-backend","timestamp":"2026-04-09 17:28:59"}
{"level":"error","message":"[Database] Mongoose connection error: Server selection timed out after 10000 ms","service":"sesa-backend","timestamp":"2026-04-09 17:28:59"}
{"level":"error","message":"❌ MongoDB Connection Failed: Could not connect to any servers in your MongoDB Atlas cluster. One common reason is that you're trying to access the database from an IP that isn't whitelisted. Make sure your current IP address is on your Atlas cluster's IP whitelist: https://www.mongodb.com/docs/atlas/security-whitelist/","service":"sesa-backend","timestamp":"2026-04-09 17:29:14"}
{"level":"error","message":"[Database] Mongoose connection error: Server selection timed out after 10000 ms","service":"sesa-backend","timestamp":"2026-04-09 17:29:14"}
{"level":"error","message":"❌ MongoDB Connection Failed: Could not connect to any servers in your MongoDB Atlas cluster. One common reason is that you're trying to access the database from an IP that isn't whitelisted. Make sure your current IP address is on your Atlas cluster's IP whitelist: https://www.mongodb.com/docs/atlas/security-whitelist/","service":"sesa-backend","timestamp":"2026-04-09 17:29:29"}
{"level":"error","message":"[Database] Mongoose connection error: Server selection timed out after 10000 ms","service":"sesa-backend","timestamp":"2026-04-09 17:29:29"}
{"level":"error","message":"❌ MongoDB Connection Failed: Could not connect to any servers in your MongoDB Atlas cluster. One common reason is that you're trying to access the database from an IP that isn't whitelisted. Make sure your current IP address is on your Atlas cluster's IP whitelist: https://www.mongodb.com/docs/atlas/security-whitelist/","service":"sesa-backend","timestamp":"2026-04-09 17:29:44"}
{"level":"error","message":"[Database] Mongoose connection error: Server selection timed out after 10000 ms","service":"sesa-backend","timestamp":"2026-04-09 17:29:44"}
{"level":"error","message":"❌ MongoDB Connection Failed: Could not connect to any servers in your MongoDB Atlas cluster. One common reason is that you're trying to access the database from an IP that isn't whitelisted. Make sure your current IP address is on your Atlas cluster's IP whitelist: https://www.mongodb.com/docs/atlas/security-whitelist/","service":"sesa-backend","timestamp":"2026-04-09 17:29:59"}
{"level":"error","message":"❌ MongoDB Connection Failed: Could not connect to any servers in your MongoDB Atlas cluster. One common reason is that you're trying to access the database from an IP that isn't whitelisted. Make sure your current IP address is on your Atlas cluster's IP whitelist: https://www.mongodb.com/docs/atlas/security-whitelist/","service":"sesa-backend","timestamp":"2026-04-09 17:43:41"}
{"level":"error","message":"[Database] Mongoose connection error: Server selection timed out after 10000 ms","service":"sesa-backend","timestamp":"2026-04-09 17:43:41"}
{"level":"error","message":"❌ MongoDB Connection Failed: Could not connect to any servers in your MongoDB Atlas cluster. One common reason is that you're trying to access the database from an IP that isn't whitelisted. Make sure your current IP address is on your Atlas cluster's IP whitelist: https://www.mongodb.com/docs/atlas/security-whitelist/","service":"sesa-backend","timestamp":"2026-04-09 17:43:56"}
{"level":"error","message":"[Database] Mongoose connection error: Server selection timed out after 10000 ms","service":"sesa-backend","timestamp":"2026-04-09 17:43:56"}
{"level":"error","message":"❌ MongoDB Connection Failed: Could not connect to any servers in your MongoDB Atlas cluster. One common reason is that you're trying to access the database from an IP that isn't whitelisted. Make sure your current IP address is on your Atlas cluster's IP whitelist: https://www.mongodb.com/docs/atlas/security-whitelist/","service":"sesa-backend","timestamp":"2026-04-09 17:44:11"}
{"level":"error","message":"[Database] Mongoose connection error: Server selection timed out after 10000 ms","service":"sesa-backend","timestamp":"2026-04-09 17:44:11"}
{"level":"error","message":"❌ MongoDB Connection Failed: Could not connect to any servers in your MongoDB Atlas cluster. One common reason is that you're trying to access the database from an IP that isn't whitelisted. Make sure your current IP address is on your Atlas cluster's IP whitelist: https://www.mongodb.com/docs/atlas/security-whitelist/","service":"sesa-backend","timestamp":"2026-04-09 17:44:26"}
{"level":"error","message":"[Database] Mongoose connection error: Server selection timed out after 10000 ms","service":"sesa-backend","timestamp":"2026-04-09 17:44:26"}
{"level":"error","message":"❌ MongoDB Connection Failed: Could not connect to any servers in your MongoDB Atlas cluster. One common reason is that you're trying to access the database from an IP that isn't whitelisted. Make sure your current IP address is on your Atlas cluster's IP whitelist: https://www.mongodb.com/docs/atlas/security-whitelist/","service":"sesa-backend","timestamp":"2026-04-09 17:44:41"}
{"level":"error","message":"[Database] Mongoose connection error: Server selection timed out after 10000 ms","service":"sesa-backend","timestamp":"2026-04-09 17:44:41"}
{"level":"error","message":"❌ MongoDB Connection Failed: Could not connect to any servers in your MongoDB Atlas cluster. One common reason is that you're trying to access the database from an IP that isn't whitelisted. Make sure your current IP address is on your Atlas cluster's IP whitelist: https://www.mongodb.com/docs/atlas/security-whitelist/","service":"sesa-backend","timestamp":"2026-04-09 17:44:56"}
{"level":"error","message":"CRITICAL: Max retries reached. Server will stay in offline mode.","service":"sesa-backend","timestamp":"2026-04-09 17:44:56"}
{"level":"error","message":"[Database] Mongoose connection error: connect ENETUNREACH 159.41.64.38:27017","service":"sesa-backend","timestamp":"2026-04-09 17:44:56"}
{"level":"error","message":"❌ MongoDB Connection Failed: querySrv EREFUSED _mongodb._tcp.sesa.eoifdtg.mongodb.net","service":"sesa-backend","timestamp":"2026-04-09 17:46:26"}
{"level":"error","message":"[Database] Mongoose connection error: querySrv EREFUSED _mongodb._tcp.sesa.eoifdtg.mongodb.net","service":"sesa-backend","timestamp":"2026-04-09 17:46:26"}
{"level":"error","message":"❌ MongoDB Connection Failed: querySrv EREFUSED _mongodb._tcp.sesa.eoifdtg.mongodb.net","service":"sesa-backend","timestamp":"2026-04-09 17:46:31"}
{"level":"error","message":"[Database] Mongoose connection error: querySrv EREFUSED _mongodb._tcp.sesa.eoifdtg.mongodb.net","service":"sesa-backend","timestamp":"2026-04-09 17:46:31"}
{"level":"error","message":"❌ MongoDB Connection Failed: querySrv EREFUSED _mongodb._tcp.sesa.eoifdtg.mongodb.net","service":"sesa-backend","timestamp":"2026-04-09 17:46:36"}
{"level":"error","message":"[Database] Mongoose connection error: querySrv EREFUSED _mongodb._tcp.sesa.eoifdtg.mongodb.net","service":"sesa-backend","timestamp":"2026-04-09 17:46:36"}
{"level":"error","message":"❌ MongoDB Connection Failed: querySrv EREFUSED _mongodb._tcp.sesa.eoifdtg.mongodb.net","service":"sesa-backend","timestamp":"2026-04-09 17:46:41"}
{"level":"error","message":"[Database] Mongoose connection error: querySrv EREFUSED _mongodb._tcp.sesa.eoifdtg.mongodb.net","service":"sesa-backend","timestamp":"2026-04-09 17:46:41"}
{"level":"error","message":"❌ MongoDB Connection Failed: querySrv EREFUSED _mongodb._tcp.sesa.eoifdtg.mongodb.net","service":"sesa-backend","timestamp":"2026-04-09 17:46:46"}
{"level":"error","message":"[Database] Mongoose connection error: querySrv EREFUSED _mongodb._tcp.sesa.eoifdtg.mongodb.net","service":"sesa-backend","timestamp":"2026-04-09 17:46:46"}
{"level":"error","message":"❌ MongoDB Connection Failed: querySrv EREFUSED _mongodb._tcp.sesa.eoifdtg.mongodb.net","service":"sesa-backend","timestamp":"2026-04-09 17:46:51"}
{"level":"error","message":"❌ MongoDB Connection Failed: Could not connect to any servers in your MongoDB Atlas cluster. One common reason is that you're trying to access the database from an IP that isn't whitelisted. Make sure your current IP address is on your Atlas cluster's IP whitelist: https://www.mongodb.com/docs/atlas/security-whitelist/","service":"sesa-backend","timestamp":"2026-04-09 18:06:18"}
{"level":"error","message":"[Database] Mongoose connection error: getaddrinfo ENOTFOUND ac-z2pixtl-shard-00-02.eoifdtg.mongodb.net","service":"sesa-backend","timestamp":"2026-04-09 18:06:18"}
{"level":"error","message":"❌ MongoDB Connection Failed: Could not connect to any servers in your MongoDB Atlas cluster. One common reason is that you're trying to access the database from an IP that isn't whitelisted. Make sure your current IP address is on your Atlas cluster's IP whitelist: https://www.mongodb.com/docs/atlas/security-whitelist/","service":"sesa-backend","timestamp":"2026-04-09 18:06:21"}
{"level":"error","message":"[Database] Mongoose connection error: Server selection timed out after 10000 ms","service":"sesa-backend","timestamp":"2026-04-09 18:06:21"}
{"level":"error","message":"❌ MongoDB Connection Failed: Could not connect to any servers in your MongoDB Atlas cluster. One common reason is that you're trying to access the database from an IP that isn't whitelisted. Make sure your current IP address is on your Atlas cluster's IP whitelist: https://www.mongodb.com/docs/atlas/security-whitelist/","service":"sesa-backend","timestamp":"2026-04-09 18:06:22"}
{"level":"error","message":"[Database] Mongoose connection error: Server selection timed out after 10000 ms","service":"sesa-backend","timestamp":"2026-04-09 18:06:22"}
{"level":"error","message":"❌ MongoDB Connection Failed: Could not connect to any servers in your MongoDB Atlas cluster. One common reason is that you're trying to access the database from an IP that isn't whitelisted. Make sure your current IP address is on your Atlas cluster's IP whitelist: https://www.mongodb.com/docs/atlas/security-whitelist/","service":"sesa-backend","timestamp":"2026-04-09 18:06:23"}
{"level":"error","message":"[Database] Mongoose connection error: Server selection timed out after 10000 ms","service":"sesa-backend","timestamp":"2026-04-09 18:06:23"}
{"level":"error","message":"❌ MongoDB Connection Failed: Could not connect to any servers in your MongoDB Atlas cluster. One common reason is that you're trying to access the database from an IP that isn't whitelisted. Make sure your current IP address is on your Atlas cluster's IP whitelist: https://www.mongodb.com/docs/atlas/security-whitelist/","service":"sesa-backend","timestamp":"2026-04-09 18:06:34"}
{"level":"error","message":"[Database] Mongoose connection error: Server selection timed out after 10000 ms","service":"sesa-backend","timestamp":"2026-04-09 18:06:34"}
{"level":"error","message":"❌ MongoDB Connection Failed: Could not connect to any servers in your MongoDB Atlas cluster. One common reason is that you're trying to access the database from an IP that isn't whitelisted. Make sure your current IP address is on your Atlas cluster's IP whitelist: https://www.mongodb.com/docs/atlas/security-whitelist/","service":"sesa-backend","timestamp":"2026-04-09 18:06:36"}
{"level":"error","message":"[Database] Mongoose connection error: Server selection timed out after 10000 ms","service":"sesa-backend","timestamp":"2026-04-09 18:06:36"}
{"level":"error","message":"❌ MongoDB Connection Failed: Could not connect to any servers in your MongoDB Atlas cluster. One common reason is that you're trying to access the database from an IP that isn't whitelisted. Make sure your current IP address is on your Atlas cluster's IP whitelist: https://www.mongodb.com/docs/atlas/security-whitelist/","service":"sesa-backend","timestamp":"2026-04-09 18:06:37"}
{"level":"error","message":"[Database] Mongoose connection error: Server selection timed out after 10000 ms","service":"sesa-backend","timestamp":"2026-04-09 18:06:37"}
{"level":"error","message":"❌ MongoDB Connection Failed: Could not connect to any servers in your MongoDB Atlas cluster. One common reason is that you're trying to access the database from an IP that isn't whitelisted. Make sure your current IP address is on your Atlas cluster's IP whitelist: https://www.mongodb.com/docs/atlas/security-whitelist/","service":"sesa-backend","timestamp":"2026-04-09 18:06:38"}
{"level":"error","message":"[Database] Mongoose connection error: Server selection timed out after 10000 ms","service":"sesa-backend","timestamp":"2026-04-09 18:06:38"}
{"level":"error","message":"❌ MongoDB Connection Failed: Could not connect to any servers in your MongoDB Atlas cluster. One common reason is that you're trying to access the database from an IP that isn't whitelisted. Make sure your current IP address is on your Atlas cluster's IP whitelist: https://www.mongodb.com/docs/atlas/security-whitelist/","service":"sesa-backend","timestamp":"2026-04-09 18:06:49"}
{"level":"error","message":"[Database] Mongoose connection error: Server selection timed out after 10000 ms","service":"sesa-backend","timestamp":"2026-04-09 18:06:49"}
{"level":"error","message":"❌ MongoDB Connection Failed: Could not connect to any servers in your MongoDB Atlas cluster. One common reason is that you're trying to access the database from an IP that isn't whitelisted. Make sure your current IP address is on your Atlas cluster's IP whitelist: https://www.mongodb.com/docs/atlas/security-whitelist/","service":"sesa-backend","timestamp":"2026-04-09 18:06:51"}
{"level":"error","message":"[Database] Mongoose connection error: Server selection timed out after 10000 ms","service":"sesa-backend","timestamp":"2026-04-09 18:06:51"}
{"level":"error","message":"❌ MongoDB Connection Failed: Could not connect to any servers in your MongoDB Atlas cluster. One common reason is that you're trying to access the database from an IP that isn't whitelisted. Make sure your current IP address is on your Atlas cluster's IP whitelist: https://www.mongodb.com/docs/atlas/security-whitelist/","service":"sesa-backend","timestamp":"2026-04-09 18:06:52"}
{"level":"error","message":"[Database] Mongoose connection error: Server selection timed out after 10000 ms","service":"sesa-backend","timestamp":"2026-04-09 18:06:52"}
{"level":"error","message":"❌ MongoDB Connection Failed: Could not connect to any servers in your MongoDB Atlas cluster. One common reason is that you're trying to access the database from an IP that isn't whitelisted. Make sure your current IP address is on your Atlas cluster's IP whitelist: https://www.mongodb.com/docs/atlas/security-whitelist/","service":"sesa-backend","timestamp":"2026-04-09 18:06:53"}
{"level":"error","message":"[Database] Mongoose connection error: Server selection timed out after 10000 ms","service":"sesa-backend","timestamp":"2026-04-09 18:06:53"}
{"level":"error","message":"❌ MongoDB Connection Failed: Could not connect to any servers in your MongoDB Atlas cluster. One common reason is that you're trying to access the database from an IP that isn't whitelisted. Make sure your current IP address is on your Atlas cluster's IP whitelist: https://www.mongodb.com/docs/atlas/security-whitelist/","service":"sesa-backend","timestamp":"2026-04-09 18:07:04"}
{"level":"error","message":"[Database] Mongoose connection error: Server selection timed out after 10000 ms","service":"sesa-backend","timestamp":"2026-04-09 18:07:04"}
{"level":"error","message":"❌ MongoDB Connection Failed: Could not connect to any servers in your MongoDB Atlas cluster. One common reason is that you're trying to access the database from an IP that isn't whitelisted. Make sure your current IP address is on your Atlas cluster's IP whitelist: https://www.mongodb.com/docs/atlas/security-whitelist/","service":"sesa-backend","timestamp":"2026-04-09 18:07:07"}
{"level":"error","message":"[Database] Mongoose connection error: Server selection timed out after 10000 ms","service":"sesa-backend","timestamp":"2026-04-09 18:07:07"}
{"level":"error","message":"❌ MongoDB Connection Failed: Could not connect to any servers in your MongoDB Atlas cluster. One common reason is that you're trying to access the database from an IP that isn't whitelisted. Make sure your current IP address is on your Atlas cluster's IP whitelist: https://www.mongodb.com/docs/atlas/security-whitelist/","service":"sesa-backend","timestamp":"2026-04-09 18:07:07"}
{"level":"error","message":"[Database] Mongoose connection error: Server selection timed out after 10000 ms","service":"sesa-backend","timestamp":"2026-04-09 18:07:07"}
{"level":"error","message":"❌ MongoDB Connection Failed: Could not connect to any servers in your MongoDB Atlas cluster. One common reason is that you're trying to access the database from an IP that isn't whitelisted. Make sure your current IP address is on your Atlas cluster's IP whitelist: https://www.mongodb.com/docs/atlas/security-whitelist/","service":"sesa-backend","timestamp":"2026-04-09 18:07:08"}
{"level":"error","message":"[Database] Mongoose connection error: Server selection timed out after 10000 ms","service":"sesa-backend","timestamp":"2026-04-09 18:07:08"}
{"level":"error","message":"❌ MongoDB Connection Failed: Could not connect to any servers in your MongoDB Atlas cluster. One common reason is that you're trying to access the database from an IP that isn't whitelisted. Make sure your current IP address is on your Atlas cluster's IP whitelist: https://www.mongodb.com/docs/atlas/security-whitelist/","service":"sesa-backend","timestamp":"2026-04-09 18:07:19"}
{"level":"error","message":"[Database] Mongoose connection error: Server selection timed out after 10000 ms","service":"sesa-backend","timestamp":"2026-04-09 18:07:19"}
{"level":"error","message":"❌ MongoDB Connection Failed: Could not connect to any servers in your MongoDB Atlas cluster. One common reason is that you're trying to access the database from an IP that isn't whitelisted. Make sure your current IP address is on your Atlas cluster's IP whitelist: https://www.mongodb.com/docs/atlas/security-whitelist/","service":"sesa-backend","timestamp":"2026-04-09 18:07:22"}
{"level":"error","message":"[Database] Mongoose connection error: Server selection timed out after 10000 ms","service":"sesa-backend","timestamp":"2026-04-09 18:07:22"}
{"level":"error","message":"❌ MongoDB Connection Failed: Could not connect to any servers in your MongoDB Atlas cluster. One common reason is that you're trying to access the database from an IP that isn't whitelisted. Make sure your current IP address is on your Atlas cluster's IP whitelist: https://www.mongodb.com/docs/atlas/security-whitelist/","service":"sesa-backend","timestamp":"2026-04-09 18:07:23"}
{"level":"error","message":"[Database] Mongoose connection error: Server selection timed out after 10000 ms","service":"sesa-backend","timestamp":"2026-04-09 18:07:23"}
{"level":"error","message":"❌ MongoDB Connection Failed: Could not connect to any servers in your MongoDB Atlas cluster. One common reason is that you're trying to access the database from an IP that isn't whitelisted. Make sure your current IP address is on your Atlas cluster's IP whitelist: https://www.mongodb.com/docs/atlas/security-whitelist/","service":"sesa-backend","timestamp":"2026-04-09 18:07:23"}
{"level":"error","message":"[Database] Mongoose connection error: Server selection timed out after 10000 ms","service":"sesa-backend","timestamp":"2026-04-09 18:07:23"}
{"level":"error","message":"❌ MongoDB Connection Failed: Could not connect to any servers in your MongoDB Atlas cluster. One common reason is that you're trying to access the database from an IP that isn't whitelisted. Make sure your current IP address is on your Atlas cluster's IP whitelist: https://www.mongodb.com/docs/atlas/security-whitelist/","service":"sesa-backend","timestamp":"2026-04-09 18:07:34"}
{"level":"error","message":"CRITICAL: Max retries reached. Server will stay in offline mode.","service":"sesa-backend","timestamp":"2026-04-09 18:07:34"}
{"level":"error","message":"[Database] Mongoose connection error: Server selection timed out after 10000 ms","service":"sesa-backend","timestamp":"2026-04-09 18:07:34"}
{"level":"error","message":"❌ MongoDB Connection Failed: Could not connect to any servers in your MongoDB Atlas cluster. One common reason is that you're trying to access the database from an IP that isn't whitelisted. Make sure your current IP address is on your Atlas cluster's IP whitelist: https://www.mongodb.com/docs/atlas/security-whitelist/","service":"sesa-backend","timestamp":"2026-04-09 18:07:37"}
{"level":"error","message":"❌ MongoDB Connection Failed: Could not connect to any servers in your MongoDB Atlas cluster. One common reason is that you're trying to access the database from an IP that isn't whitelisted. Make sure your current IP address is on your Atlas cluster's IP whitelist: https://www.mongodb.com/docs/atlas/security-whitelist/","service":"sesa-backend","timestamp":"2026-04-09 18:07:38"}
{"level":"error","message":"❌ MongoDB Connection Failed: Could not connect to any servers in your MongoDB Atlas cluster. One common reason is that you're trying to access the database from an IP that isn't whitelisted. Make sure your current IP address is on your Atlas cluster's IP whitelist: https://www.mongodb.com/docs/atlas/security-whitelist/","service":"sesa-backend","timestamp":"2026-04-09 18:07:39"}
{"level":"error","message":"❌ MongoDB Connection Failed: Could not connect to any servers in your MongoDB Atlas cluster. One common reason is that you're trying to access the database from an IP that isn't whitelisted. Make sure your current IP address is on your Atlas cluster's IP whitelist: https://www.mongodb.com/docs/atlas/security-whitelist/","service":"sesa-backend","timestamp":"2026-04-09 18:11:15"}
{"level":"error","message":"[Database] Mongoose connection error: Server selection timed out after 10000 ms","service":"sesa-backend","timestamp":"2026-04-09 18:11:15"}
{"level":"error","message":"❌ MongoDB Connection Failed: Could not connect to any servers in your MongoDB Atlas cluster. One common reason is that you're trying to access the database from an IP that isn't whitelisted. Make sure your current IP address is on your Atlas cluster's IP whitelist: https://www.mongodb.com/docs/atlas/security-whitelist/","service":"sesa-backend","timestamp":"2026-04-09 18:11:30"}
{"level":"error","message":"[Database] Mongoose connection error: Server selection timed out after 10000 ms","service":"sesa-backend","timestamp":"2026-04-09 18:11:30"}
{"level":"error","message":"❌ MongoDB Connection Failed: Could not connect to any servers in your MongoDB Atlas cluster. One common reason is that you're trying to access the database from an IP that isn't whitelisted. Make sure your current IP address is on your Atlas cluster's IP whitelist: https://www.mongodb.com/docs/atlas/security-whitelist/","service":"sesa-backend","timestamp":"2026-04-09 18:12:07"}
{"level":"error","message":"[Database] Mongoose connection error: Server selection timed out after 10000 ms","service":"sesa-backend","timestamp":"2026-04-09 18:12:07"}
{"level":"error","message":"❌ MongoDB Connection Failed: Could not connect to any servers in your MongoDB Atlas cluster. One common reason is that you're trying to access the database from an IP that isn't whitelisted. Make sure your current IP address is on your Atlas cluster's IP whitelist: https://www.mongodb.com/docs/atlas/security-whitelist/","service":"sesa-backend","timestamp":"2026-04-09 18:12:08"}
{"level":"error","message":"[Database] Mongoose connection error: Server selection timed out after 10000 ms","service":"sesa-backend","timestamp":"2026-04-09 18:12:08"}
{"level":"error","message":"❌ MongoDB Connection Failed: Could not connect to any servers in your MongoDB Atlas cluster. One common reason is that you're trying to access the database from an IP that isn't whitelisted. Make sure your current IP address is on your Atlas cluster's IP whitelist: https://www.mongodb.com/docs/atlas/security-whitelist/","service":"sesa-backend","timestamp":"2026-04-09 18:12:08"}
{"level":"error","message":"[Database] Mongoose connection error: Server selection timed out after 10000 ms","service":"sesa-backend","timestamp":"2026-04-09 18:12:08"}
{"level":"error","message":"❌ MongoDB Connection Failed: Could not connect to any servers in your MongoDB Atlas cluster. One common reason is that you're trying to access the database from an IP that isn't whitelisted. Make sure your current IP address is on your Atlas cluster's IP whitelist: https://www.mongodb.com/docs/atlas/security-whitelist/","service":"sesa-backend","timestamp":"2026-04-09 18:12:09"}
{"level":"error","message":"[Database] Mongoose connection error: Server selection timed out after 10000 ms","service":"sesa-backend","timestamp":"2026-04-09 18:12:09"}
{"level":"error","message":"❌ MongoDB Connection Failed: Could not connect to any servers in your MongoDB Atlas cluster. One common reason is that you're trying to access the database from an IP that isn't whitelisted. Make sure your current IP address is on your Atlas cluster's IP whitelist: https://www.mongodb.com/docs/atlas/security-whitelist/","service":"sesa-backend","timestamp":"2026-04-09 18:12:09"}
{"level":"error","message":"[Database] Mongoose connection error: Server selection timed out after 10000 ms","service":"sesa-backend","timestamp":"2026-04-09 18:12:09"}
{"level":"error","message":"❌ MongoDB Connection Failed: Could not connect to any servers in your MongoDB Atlas cluster. One common reason is that you're trying to access the database from an IP that isn't whitelisted. Make sure your current IP address is on your Atlas cluster's IP whitelist: https://www.mongodb.com/docs/atlas/security-whitelist/","service":"sesa-backend","timestamp":"2026-04-09 18:12:22"}
{"level":"error","message":"[Database] Mongoose connection error: Server selection timed out after 10000 ms","service":"sesa-backend","timestamp":"2026-04-09 18:12:22"}
{"level":"error","message":"❌ MongoDB Connection Failed: Could not connect to any servers in your MongoDB Atlas cluster. One common reason is that you're trying to access the database from an IP that isn't whitelisted. Make sure your current IP address is on your Atlas cluster's IP whitelist: https://www.mongodb.com/docs/atlas/security-whitelist/","service":"sesa-backend","timestamp":"2026-04-09 18:12:24"}
{"level":"error","message":"[Database] Mongoose connection error: Server selection timed out after 10000 ms","service":"sesa-backend","timestamp":"2026-04-09 18:12:24"}
{"level":"error","message":"❌ MongoDB Connection Failed: Could not connect to any servers in your MongoDB Atlas cluster. One common reason is that you're trying to access the database from an IP that isn't whitelisted. Make sure your current IP address is on your Atlas cluster's IP whitelist: https://www.mongodb.com/docs/atlas/security-whitelist/","service":"sesa-backend","timestamp":"2026-04-09 18:12:24"}
{"level":"error","message":"[Database] Mongoose connection error: Server selection timed out after 10000 ms","service":"sesa-backend","timestamp":"2026-04-09 18:12:24"}
{"level":"error","message":"❌ MongoDB Connection Failed: Could not connect to any servers in your MongoDB Atlas cluster. One common reason is that you're trying to access the database from an IP that isn't whitelisted. Make sure your current IP address is on your Atlas cluster's IP whitelist: https://www.mongodb.com/docs/atlas/security-whitelist/","service":"sesa-backend","timestamp":"2026-04-09 18:12:24"}
{"level":"error","message":"[Database] Mongoose connection error: Server selection timed out after 10000 ms","service":"sesa-backend","timestamp":"2026-04-09 18:12:24"}
{"level":"error","message":"❌ MongoDB Connection Failed: Could not connect to any servers in your MongoDB Atlas cluster. One common reason is that you're trying to access the database from an IP that isn't whitelisted. Make sure your current IP address is on your Atlas cluster's IP whitelist: https://www.mongodb.com/docs/atlas/security-whitelist/","service":"sesa-backend","timestamp":"2026-04-09 18:12:24"}
{"level":"error","message":"[Database] Mongoose connection error: connect ENETUNREACH 159.41.64.55:27017","service":"sesa-backend","timestamp":"2026-04-09 18:12:24"}
{"level":"error","message":"Uncaught Exception: listen EADDRINUSE: address already in use :::5000","service":"sesa-backend","timestamp":"2026-04-09 18:12:42"}
{"level":"error","message":"Uncaught Exception: listen EADDRINUSE: address already in use :::5000","service":"sesa-backend","timestamp":"2026-04-09 18:12:42"}
{"level":"error","message":"Uncaught Exception: listen EADDRINUSE: address already in use :::5000","service":"sesa-backend","timestamp":"2026-04-09 18:12:42"}
{"level":"error","message":"Uncaught Exception: listen EADDRINUSE: address already in use :::5000","service":"sesa-backend","timestamp":"2026-04-09 18:12:43"}
{"level":"error","message":"Uncaught Exception: listen EADDRINUSE: address already in use :::5000","service":"sesa-backend","timestamp":"2026-04-09 18:13:40"}
{"level":"error","message":"Uncaught Exception: listen EADDRINUSE: address already in use :::5000","service":"sesa-backend","timestamp":"2026-04-09 18:29:37"}
{"level":"error","message":"Failed to send email to muna@gmail.com: Invalid login: 535-5.7.8 Username and Password not accepted. For more information, go to\n535 5.7.8  https://support.google.com/mail/?p=BadCredentials a640c23a62f3a-b9d6e7c8492sm2815366b.47 - gsmtp","service":"sesa-backend","timestamp":"2026-04-09 18:38:20"}
{"ip":"::1","level":"error","message":"secretOrPrivateKey must have a value","method":"POST","service":"sesa-backend","stack":"Error: secretOrPrivateKey must have a value\n    at module.exports [as sign] (/home/sadiq/Desktop/SESA WEB APP/backend/node_modules/jsonwebtoken/sign.js:111:20)\n    at generateTokens (/home/sadiq/Desktop/SESA WEB APP/backend/src/routes/auth.ts:26:29)\n    at <anonymous> (/home/sadiq/Desktop/SESA WEB APP/backend/src/routes/auth.ts:102:51)\n    at process.processTicksAndRejections (node:internal/process/task_queues:95:5)","timestamp":"2026-04-09 18:38:20","url":"/api/auth/register","user":"anonymous"}
{"level":"error","message":"Failed to send email to munatestlocal@gmail.com: Invalid login: 535-5.7.8 Username and Password not accepted. For more information, go to\n535 5.7.8  https://support.google.com/mail/?p=BadCredentials 4fb4d7f45d1cf-66e02d4500asm5748296a12.10 - gsmtp","service":"sesa-backend","timestamp":"2026-04-09 18:41:37"}
{"level":"error","message":"Failed to send email to ali@gmail.com: Invalid login: 535-5.7.8 Username and Password not accepted. For more information, go to\n535 5.7.8  https://support.google.com/mail/?p=BadCredentials a640c23a62f3a-b9d6e7c89fasm9643866b.49 - gsmtp","service":"sesa-backend","timestamp":"2026-04-09 20:17:33"}
{"level":"error","message":"Failed to send email to remedan@sesa.com: Invalid login: 535-5.7.8 Username and Password not accepted. For more information, go to\n535 5.7.8  https://support.google.com/mail/?p=BadCredentials 4fb4d7f45d1cf-670702eea75sm88267a12.3 - gsmtp","service":"sesa-backend","timestamp":"2026-04-09 22:46:02"}
{"level":"error","message":"Failed to send email to hanun@sesa.com: Invalid login: 535-5.7.8 Username and Password not accepted. For more information, go to\n535 5.7.8  https://support.google.com/mail/?p=BadCredentials a640c23a62f3a-b9d6e7f1e87sm22177566b.61 - gsmtp","service":"sesa-backend","timestamp":"2026-04-09 23:24:52"}
{"level":"error","message":"Uncaught Exception: listen EADDRINUSE: address already in use :::5000","service":"sesa-backend","timestamp":"2026-04-09 23:25:26"}
{"level":"error","message":"Failed to send email to hanuni@sesa.com: Invalid login: 535-5.7.8 Username and Password not accepted. For more information, go to\n535 5.7.8  https://support.google.com/mail/?p=BadCredentials 4fb4d7f45d1cf-670703f11f7sm114398a12.8 - gsmtp","service":"sesa-backend","timestamp":"2026-04-09 23:26:05"}
{"level":"error","message":"Uncaught Exception: listen EADDRINUSE: address already in use :::5000","service":"sesa-backend","timestamp":"2026-04-10 00:19:56"}
{"level":"error","message":"Failed to send email to derese@sesa.com: getaddrinfo EAI_AGAIN smtp.gmail.com","service":"sesa-backend","timestamp":"2026-04-10 09:03:42"}
{"level":"error","message":"Failed to send email to hidaya@gmail.com: getaddrinfo EAI_AGAIN smtp.gmail.com","service":"sesa-backend","timestamp":"2026-04-11 07:05:42"}
